// Jest Snapshot v1, https://goo.gl/fbAQLP

exports[`Input renders correctly 1`] = `
<input
  className="css-beq8e8-Input e1q4f7if0"
/>
`;
